17:30:32 **** Incremental Build of configuration Debug for project tdse-tp3_06-interactive_menu ****
make -j4 all 
arm-none-eabi-gcc "../app/src/task_menu.c" -mcpu=cortex-m3 -std=gnu11 -g3 -DDEBUG -DUSE_HAL_DRIVER -DSTM32F103xB -c -I../Core/Inc -I../Drivers/STM32F1xx_HAL_Driver/Inc -I../Drivers/STM32F1xx_HAL_Driver/Inc/Legacy -I../Drivers/CMSIS/Device/ST/STM32F1xx/Include -I../Drivers/CMSIS/Include -I../app/inc -O0 -ffunction-sections -fdata-sections -Wall -fstack-usage -fcyclomatic-complexity -MMD -MP -MF"app/src/task_menu.d" -MT"app/src/task_menu.o" --specs=nano.specs -mfloat-abi=soft -mthumb -o "app/src/task_menu.o"
arm-none-eabi-gcc -o "tdse-tp3_06-interactive_menu.elf" @"objects.list"  -lrdimon -mcpu=cortex-m3 -T"C:\Users\Santiago\Desktop\facu\2025c1\Embebidos\tdse-tp3_06-interactive_menu-wokspace\tdse-tp3_06-interactive_menu.zip_expanded\tdse-tp3_06-interactive_menu\STM32F103RBTX_FLASH.ld" --specs=nosys.specs -Wl,-Map="tdse-tp3_06-interactive_menu.map" -Wl,--gc-sections -static -specs=rdimon.specs --specs=nano.specs -mfloat-abi=soft -mthumb -Wl,--start-group -lc -lm -Wl,--end-group
Finished building target: tdse-tp3_06-interactive_menu.elf
 
arm-none-eabi-size  tdse-tp3_06-interactive_menu.elf 
arm-none-eabi-objdump -h -S tdse-tp3_06-interactive_menu.elf  > "tdse-tp3_06-interactive_menu.list"
   text	   data	    bss	    dec	    hex	filename
  17276	    160	   2312	  19748	   4d24	tdse-tp3_06-interactive_menu.elf
Finished building: default.size.stdout
 
Finished building: tdse-tp3_06-interactive_menu.list
 
17:30:40 **** Incremental Build of configuration Debug for project tdse-tp3_06-interactive_menu ****
make -j4 all 
arm-none-eabi-size  tdse-tp3_06-interactive_menu.elf 
   text	   data	    bss	    dec	    hex	filename
  17276	    160	   2312	  19748	   4d24	tdse-tp3_06-interactive_menu.elf
Finished building: default.size.stdout
 
